Restoring the image cache...
Loading plugin cache...
Info: init.py script not loaded (this is not an error)
Loading PyPlugs...
ERROR: Natron: WriteNode does not belong to the project file. Please enter a valid Write node script-name.

======================================================================
Natron Benchmark: IntensityProfilePlotter GPU vs CPU
======================================================================
Test configurations: 10

[OK] Created Ramp source
[OK] Created IntensityProfilePlotter (fr.inria.openfx)
[FAIL] Could not create processing node
